// Jest Snapshot v1, https://goo.gl/fbAQLP

exports[`Todos Component Pass-thru Functions should render a todos list 1`] = `
<div
  className="todos"
>
  <h1>
    Todos
  </h1>
  <div
    className="todos-list"
  >
    <div
      className="todo new"
    >
      <div
        className="entry"
      >
        <input
          className="empty"
          onKeyDown={[Function]}
          placeholder="New Todo…"
          type="text"
        />
      </div>
    </div>
    <div
      className="todo active"
    >
      <div
        className="check"
      >
        <button
          onClick={[Function]}
        >
          <svg
            aria-hidden="true"
            className="svg-inline--fa fa-circle fa-w-16 "
            data-icon="circle"
            data-prefix="far"
            role="img"
            style={Object {}}
            viewBox="0 0 512 512"
            xmlns="http://www.w3.org/2000/svg"
          >
            <path
              d="M256 8C119 8 8 119 8 256s111 248 248 248 248-111 248-248S393 8 256 8zm0 448c-110.5 0-200-89.5-200-200S145.5 56 256 56s200 89.5 200 200-89.5 200-200 200z"
              fill="currentColor"
              style={Object {}}
            />
          </svg>
        </button>
      </div>
      <div
        className="entry"
      >
        <input
          className=""
          disabled={false}
          onBlur={[Function]}
          onChange={[Function]}
          onKeyDown={[Function]}
          placeholder="Enter Todo…"
          type="text"
          value="A Todo"
        />
      </div>
      <div
        className="remove"
      >
        <button
          onClick={[Function]}
        >
          <svg
            aria-hidden="true"
            className="svg-inline--fa fa-times fa-w-11 "
            data-icon="times"
            data-prefix="fas"
            role="img"
            style={Object {}}
            viewBox="0 0 352 512"
            xmlns="http://www.w3.org/2000/svg"
          >
            <path
              d="M242.72 256l100.07-100.07c12.28-12.28 12.28-32.19 0-44.48l-22.24-22.24c-12.28-12.28-32.19-12.28-44.48 0L176 189.28 75.93 89.21c-12.28-12.28-32.19-12.28-44.48 0L9.21 111.45c-12.28 12.28-12.28 32.19 0 44.48L109.28 256 9.21 356.07c-12.28 12.28-12.28 32.19 0 44.48l22.24 22.24c12.28 12.28 32.2 12.28 44.48 0L176 322.72l100.07 100.07c12.28 12.28 32.2 12.28 44.48 0l22.24-22.24c12.28-12.28 12.28-32.19 0-44.48L242.72 256z"
              fill="currentColor"
              style={Object {}}
            />
          </svg>
        </button>
      </div>
    </div>
  </div>
</div>
`;
